<?xml version="1.0"?>
<link_info>
   <banner>MSP430 Linker PC v16.3.0.STS</banner>
   <copyright>Copyright (c) 2003-2015 Texas Instruments Incorporated</copyright>
   <link_time>0x5b150cc1</link_time>
   <link_errors>0x0</link_errors>
   <output_file>l5_tm.out</output_file>
   <entry_point>
      <name>_c_int00_noargs</name>
      <address>0x5396</address>
   </entry_point>
   <input_file_list>
      <input_file id="fl-2">
         <path>.\</path>
         <kind>object</kind>
         <file>data_buffer.obj</file>
         <name>data_buffer.obj</name>
      </input_file>
      <input_file id="fl-3">
         <path>.\</path>
         <kind>object</kind>
         <file>format.obj</file>
         <name>format.obj</name>
      </input_file>
      <input_file id="fl-4">
         <path>.\</path>
         <kind>object</kind>
         <file>main.obj</file>
         <name>main.obj</name>
      </input_file>
      <input_file id="fl-1f">
         <path>C:\ti\ccsv6\tools\compiler\ti-cgt-msp430_16.3.0.STS\lib\</path>
         <kind>archive</kind>
         <file>rts430_eabi.lib</file>
         <name>boot.obj</name>
      </input_file>
      <input_file id="fl-20">
         <path>C:\ti\ccsv6\tools\compiler\ti-cgt-msp430_16.3.0.STS\lib\</path>
         <kind>archive</kind>
         <file>rts430_eabi.lib</file>
         <name>boot_special.obj</name>
      </input_file>
      <input_file id="fl-21">
         <path>C:\ti\ccsv6\tools\compiler\ti-cgt-msp430_16.3.0.STS\lib\</path>
         <kind>archive</kind>
         <file>rts430_eabi.lib</file>
         <name>copy_decompress_none.obj</name>
      </input_file>
      <input_file id="fl-22">
         <path>C:\ti\ccsv6\tools\compiler\ti-cgt-msp430_16.3.0.STS\lib\</path>
         <kind>archive</kind>
         <file>rts430_eabi.lib</file>
         <name>copy_decompress_rle.obj</name>
      </input_file>
      <input_file id="fl-23">
         <path>C:\ti\ccsv6\tools\compiler\ti-cgt-msp430_16.3.0.STS\lib\</path>
         <kind>archive</kind>
         <file>rts430_eabi.lib</file>
         <name>copy_zero_init.obj</name>
      </input_file>
      <input_file id="fl-24">
         <path>C:\ti\ccsv6\tools\compiler\ti-cgt-msp430_16.3.0.STS\lib\</path>
         <kind>archive</kind>
         <file>rts430_eabi.lib</file>
         <name>epilog.obj</name>
      </input_file>
      <input_file id="fl-25">
         <path>C:\ti\ccsv6\tools\compiler\ti-cgt-msp430_16.3.0.STS\lib\</path>
         <kind>archive</kind>
         <file>rts430_eabi.lib</file>
         <name>exit.obj</name>
      </input_file>
      <input_file id="fl-26">
         <path>C:\ti\ccsv6\tools\compiler\ti-cgt-msp430_16.3.0.STS\lib\</path>
         <kind>archive</kind>
         <file>rts430_eabi.lib</file>
         <name>exit_gvars.obj</name>
      </input_file>
      <input_file id="fl-27">
         <path>C:\ti\ccsv6\tools\compiler\ti-cgt-msp430_16.3.0.STS\lib\</path>
         <kind>archive</kind>
         <file>rts430_eabi.lib</file>
         <name>int00.obj</name>
      </input_file>
      <input_file id="fl-28">
         <path>C:\ti\ccsv6\tools\compiler\ti-cgt-msp430_16.3.0.STS\lib\</path>
         <kind>archive</kind>
         <file>rts430_eabi.lib</file>
         <name>int01.obj</name>
      </input_file>
      <input_file id="fl-29">
         <path>C:\ti\ccsv6\tools\compiler\ti-cgt-msp430_16.3.0.STS\lib\</path>
         <kind>archive</kind>
         <file>rts430_eabi.lib</file>
         <name>int02.obj</name>
      </input_file>
      <input_file id="fl-2a">
         <path>C:\ti\ccsv6\tools\compiler\ti-cgt-msp430_16.3.0.STS\lib\</path>
         <kind>archive</kind>
         <file>rts430_eabi.lib</file>
         <name>int03.obj</name>
      </input_file>
      <input_file id="fl-2b">
         <path>C:\ti\ccsv6\tools\compiler\ti-cgt-msp430_16.3.0.STS\lib\</path>
         <kind>archive</kind>
         <file>rts430_eabi.lib</file>
         <name>int04.obj</name>
      </input_file>
      <input_file id="fl-2c">
         <path>C:\ti\ccsv6\tools\compiler\ti-cgt-msp430_16.3.0.STS\lib\</path>
         <kind>archive</kind>
         <file>rts430_eabi.lib</file>
         <name>int05.obj</name>
      </input_file>
      <input_file id="fl-2d">
         <path>C:\ti\ccsv6\tools\compiler\ti-cgt-msp430_16.3.0.STS\lib\</path>
         <kind>archive</kind>
         <file>rts430_eabi.lib</file>
         <name>int06.obj</name>
      </input_file>
      <input_file id="fl-2e">
         <path>C:\ti\ccsv6\tools\compiler\ti-cgt-msp430_16.3.0.STS\lib\</path>
         <kind>archive</kind>
         <file>rts430_eabi.lib</file>
         <name>int07.obj</name>
      </input_file>
      <input_file id="fl-2f">
         <path>C:\ti\ccsv6\tools\compiler\ti-cgt-msp430_16.3.0.STS\lib\</path>
         <kind>archive</kind>
         <file>rts430_eabi.lib</file>
         <name>int10.obj</name>
      </input_file>
      <input_file id="fl-30">
         <path>C:\ti\ccsv6\tools\compiler\ti-cgt-msp430_16.3.0.STS\lib\</path>
         <kind>archive</kind>
         <file>rts430_eabi.lib</file>
         <name>int11.obj</name>
      </input_file>
      <input_file id="fl-31">
         <path>C:\ti\ccsv6\tools\compiler\ti-cgt-msp430_16.3.0.STS\lib\</path>
         <kind>archive</kind>
         <file>rts430_eabi.lib</file>
         <name>int12.obj</name>
      </input_file>
      <input_file id="fl-32">
         <path>C:\ti\ccsv6\tools\compiler\ti-cgt-msp430_16.3.0.STS\lib\</path>
         <kind>archive</kind>
         <file>rts430_eabi.lib</file>
         <name>int13.obj</name>
      </input_file>
      <input_file id="fl-33">
         <path>C:\ti\ccsv6\tools\compiler\ti-cgt-msp430_16.3.0.STS\lib\</path>
         <kind>archive</kind>
         <file>rts430_eabi.lib</file>
         <name>int14.obj</name>
      </input_file>
      <input_file id="fl-34">
         <path>C:\ti\ccsv6\tools\compiler\ti-cgt-msp430_16.3.0.STS\lib\</path>
         <kind>archive</kind>
         <file>rts430_eabi.lib</file>
         <name>isr_trap.obj</name>
      </input_file>
      <input_file id="fl-35">
         <path>C:\ti\ccsv6\tools\compiler\ti-cgt-msp430_16.3.0.STS\lib\</path>
         <kind>archive</kind>
         <file>rts430_eabi.lib</file>
         <name>memcpy.obj</name>
      </input_file>
      <input_file id="fl-36">
         <path>C:\ti\ccsv6\tools\compiler\ti-cgt-msp430_16.3.0.STS\lib\</path>
         <kind>archive</kind>
         <file>rts430_eabi.lib</file>
         <name>mpu_init.obj</name>
      </input_file>
      <input_file id="fl-37">
         <path>C:\ti\ccsv6\tools\compiler\ti-cgt-msp430_16.3.0.STS\lib\</path>
         <kind>archive</kind>
         <file>rts430_eabi.lib</file>
         <name>mult1632_hw.obj</name>
      </input_file>
      <input_file id="fl-38">
         <path>C:\ti\ccsv6\tools\compiler\ti-cgt-msp430_16.3.0.STS\lib\</path>
         <kind>archive</kind>
         <file>rts430_eabi.lib</file>
         <name>mult16_hw.obj</name>
      </input_file>
      <input_file id="fl-39">
         <path>C:\ti\ccsv6\tools\compiler\ti-cgt-msp430_16.3.0.STS\lib\</path>
         <kind>archive</kind>
         <file>rts430_eabi.lib</file>
         <name>mult3264_hw.obj</name>
      </input_file>
      <input_file id="fl-3a">
         <path>C:\ti\ccsv6\tools\compiler\ti-cgt-msp430_16.3.0.STS\lib\</path>
         <kind>archive</kind>
         <file>rts430_eabi.lib</file>
         <name>mult32_hw.obj</name>
      </input_file>
      <input_file id="fl-3b">
         <path>C:\ti\ccsv6\tools\compiler\ti-cgt-msp430_16.3.0.STS\lib\</path>
         <kind>archive</kind>
         <file>rts430_eabi.lib</file>
         <name>mult64_hw.obj</name>
      </input_file>
      <input_file id="fl-3c">
         <path>C:\ti\ccsv6\tools\compiler\ti-cgt-msp430_16.3.0.STS\lib\</path>
         <kind>archive</kind>
         <file>rts430_eabi.lib</file>
         <name>pre_init.obj</name>
      </input_file>
      <input_file id="fl-3d">
         <path>C:\ti\ccsv6\tools\compiler\ti-cgt-msp430_16.3.0.STS\lib\</path>
         <kind>archive</kind>
         <file>rts430_eabi.lib</file>
         <name>printf.obj</name>
      </input_file>
      <input_file id="fl-3e">
         <path>C:\ti\ccsv6\tools\compiler\ti-cgt-msp430_16.3.0.STS\lib\</path>
         <kind>archive</kind>
         <file>rts430_eabi.lib</file>
         <name>_lock.obj</name>
      </input_file>
      <input_file id="fl-3f">
         <path>C:\ti\ccsv6\tools\compiler\ti-cgt-msp430_16.3.0.STS\lib\</path>
         <kind>archive</kind>
         <file>rts430_eabi.lib</file>
         <name>_printfi_min.obj</name>
      </input_file>
      <input_file id="fl-40">
         <path>C:\ti\ccsv6\tools\compiler\ti-cgt-msp430_16.3.0.STS\lib\</path>
         <kind>archive</kind>
         <file>rts430_eabi.lib</file>
         <name>args_main.obj</name>
      </input_file>
      <input_file id="fl-41">
         <path>C:\ti\ccsv6\tools\compiler\ti-cgt-msp430_16.3.0.STS\lib\</path>
         <kind>archive</kind>
         <file>rts430_eabi.lib</file>
         <name>autoinit_wdt.obj</name>
      </input_file>
      <input_file id="fl-42">
         <path>C:\ti\ccsv6\tools\compiler\ti-cgt-msp430_16.3.0.STS\lib\</path>
         <kind>archive</kind>
         <file>rts430_eabi.lib</file>
         <name>cpy_tbl.obj</name>
      </input_file>
      <input_file id="fl-43">
         <path>C:\ti\ccsv6\tools\compiler\ti-cgt-msp430_16.3.0.STS\lib\</path>
         <kind>archive</kind>
         <file>rts430_eabi.lib</file>
         <name>defs.obj</name>
      </input_file>
      <input_file id="fl-44">
         <path>C:\ti\ccsv6\tools\compiler\ti-cgt-msp430_16.3.0.STS\lib\</path>
         <kind>archive</kind>
         <file>rts430_eabi.lib</file>
         <name>div16u.obj</name>
      </input_file>
      <input_file id="fl-45">
         <path>C:\ti\ccsv6\tools\compiler\ti-cgt-msp430_16.3.0.STS\lib\</path>
         <kind>archive</kind>
         <file>rts430_eabi.lib</file>
         <name>fputc.obj</name>
      </input_file>
      <input_file id="fl-46">
         <path>C:\ti\ccsv6\tools\compiler\ti-cgt-msp430_16.3.0.STS\lib\</path>
         <kind>archive</kind>
         <file>rts430_eabi.lib</file>
         <name>fputs.obj</name>
      </input_file>
      <input_file id="fl-47">
         <path>C:\ti\ccsv6\tools\compiler\ti-cgt-msp430_16.3.0.STS\lib\</path>
         <kind>archive</kind>
         <file>rts430_eabi.lib</file>
         <name>lowlev.obj</name>
      </input_file>
      <input_file id="fl-48">
         <path>C:\ti\ccsv6\tools\compiler\ti-cgt-msp430_16.3.0.STS\lib\</path>
         <kind>archive</kind>
         <file>rts430_eabi.lib</file>
         <name>lsr16.obj</name>
      </input_file>
      <input_file id="fl-49">
         <path>C:\ti\ccsv6\tools\compiler\ti-cgt-msp430_16.3.0.STS\lib\</path>
         <kind>archive</kind>
         <file>rts430_eabi.lib</file>
         <name>lsr64.obj</name>
      </input_file>
      <input_file id="fl-4a">
         <path>C:\ti\ccsv6\tools\compiler\ti-cgt-msp430_16.3.0.STS\lib\</path>
         <kind>archive</kind>
         <file>rts430_eabi.lib</file>
         <name>memccpy.obj</name>
      </input_file>
      <input_file id="fl-4b">
         <path>C:\ti\ccsv6\tools\compiler\ti-cgt-msp430_16.3.0.STS\lib\</path>
         <kind>archive</kind>
         <file>rts430_eabi.lib</file>
         <name>memchr.obj</name>
      </input_file>
      <input_file id="fl-4c">
         <path>C:\ti\ccsv6\tools\compiler\ti-cgt-msp430_16.3.0.STS\lib\</path>
         <kind>archive</kind>
         <file>rts430_eabi.lib</file>
         <name>memset.obj</name>
      </input_file>
      <input_file id="fl-4d">
         <path>C:\ti\ccsv6\tools\compiler\ti-cgt-msp430_16.3.0.STS\lib\</path>
         <kind>archive</kind>
         <file>rts430_eabi.lib</file>
         <name>mult16.obj</name>
      </input_file>
      <input_file id="fl-4e">
         <path>C:\ti\ccsv6\tools\compiler\ti-cgt-msp430_16.3.0.STS\lib\</path>
         <kind>archive</kind>
         <file>rts430_eabi.lib</file>
         <name>startup.obj</name>
      </input_file>
      <input_file id="fl-4f">
         <path>C:\ti\ccsv6\tools\compiler\ti-cgt-msp430_16.3.0.STS\lib\</path>
         <kind>archive</kind>
         <file>rts430_eabi.lib</file>
         <name>strchr.obj</name>
      </input_file>
      <input_file id="fl-50">
         <path>C:\ti\ccsv6\tools\compiler\ti-cgt-msp430_16.3.0.STS\lib\</path>
         <kind>archive</kind>
         <file>rts430_eabi.lib</file>
         <name>strcmp.obj</name>
      </input_file>
      <input_file id="fl-51">
         <path>C:\ti\ccsv6\tools\compiler\ti-cgt-msp430_16.3.0.STS\lib\</path>
         <kind>archive</kind>
         <file>rts430_eabi.lib</file>
         <name>strlen.obj</name>
      </input_file>
      <input_file id="fl-52">
         <path>C:\ti\ccsv6\tools\compiler\ti-cgt-msp430_16.3.0.STS\lib\</path>
         <kind>archive</kind>
         <file>rts430_eabi.lib</file>
         <name>strncpy.obj</name>
      </input_file>
      <input_file id="fl-53">
         <path>C:\ti\ccsv6\tools\compiler\ti-cgt-msp430_16.3.0.STS\lib\</path>
         <kind>archive</kind>
         <file>rts430_eabi.lib</file>
         <name>trgdrv.obj</name>
      </input_file>
      <input_file id="fl-54">
         <path>C:\ti\ccsv6\tools\compiler\ti-cgt-msp430_16.3.0.STS\lib\</path>
         <kind>archive</kind>
         <file>rts430_eabi.lib</file>
         <name>trgmsg.obj</name>
      </input_file>
      <input_file id="fl-55">
         <path>C:\ti\ccsv6\tools\compiler\ti-cgt-msp430_16.3.0.STS\lib\</path>
         <kind>archive</kind>
         <file>rts430_eabi.lib</file>
         <name>_io_perm.obj</name>
      </input_file>
      <input_file id="fl-56">
         <path>C:\ti\ccsv6\tools\compiler\ti-cgt-msp430_16.3.0.STS\lib\</path>
         <kind>archive</kind>
         <file>rts430_eabi.lib</file>
         <name>asr16.obj</name>
      </input_file>
      <input_file id="fl-57">
         <path>C:\ti\ccsv6\tools\compiler\ti-cgt-msp430_16.3.0.STS\lib\</path>
         <kind>archive</kind>
         <file>rts430_eabi.lib</file>
         <name>asr32.obj</name>
      </input_file>
      <input_file id="fl-58">
         <path>C:\ti\ccsv6\tools\compiler\ti-cgt-msp430_16.3.0.STS\lib\</path>
         <kind>archive</kind>
         <file>rts430_eabi.lib</file>
         <name>fflush.obj</name>
      </input_file>
      <input_file id="fl-59">
         <path>C:\ti\ccsv6\tools\compiler\ti-cgt-msp430_16.3.0.STS\lib\</path>
         <kind>archive</kind>
         <file>rts430_eabi.lib</file>
         <name>fseek.obj</name>
      </input_file>
      <input_file id="fl-5a">
         <path>C:\ti\ccsv6\tools\compiler\ti-cgt-msp430_16.3.0.STS\lib\</path>
         <kind>archive</kind>
         <file>rts430_eabi.lib</file>
         <name>lsl32.obj</name>
      </input_file>
      <input_file id="fl-5b">
         <path>C:\ti\ccsv6\tools\compiler\ti-cgt-msp430_16.3.0.STS\lib\</path>
         <kind>archive</kind>
         <file>rts430_eabi.lib</file>
         <name>setvbuf.obj</name>
      </input_file>
      <input_file id="fl-5c">
         <path>C:\ti\ccsv6\tools\compiler\ti-cgt-msp430_16.3.0.STS\lib\</path>
         <kind>archive</kind>
         <file>rts430_eabi.lib</file>
         <name>strcpy.obj</name>
      </input_file>
      <input_file id="fl-5d">
         <path>C:\ti\ccsv6\tools\compiler\ti-cgt-msp430_16.3.0.STS\lib\</path>
         <kind>archive</kind>
         <file>rts430_eabi.lib</file>
         <name>fopen.obj</name>
      </input_file>
      <input_file id="fl-5e">
         <path>C:\ti\ccsv6\tools\compiler\ti-cgt-msp430_16.3.0.STS\lib\</path>
         <kind>archive</kind>
         <file>rts430_eabi.lib</file>
         <name>memory.obj</name>
      </input_file>
      <input_file id="fl-5f">
         <path>C:\ti\ccsv6\tools\compiler\ti-cgt-msp430_16.3.0.STS\lib\</path>
         <kind>archive</kind>
         <file>rts430_eabi.lib</file>
         <name>fclose.obj</name>
      </input_file>
      <input_file id="fl-60">
         <path>C:\ti\ccsv6\tools\compiler\ti-cgt-msp430_16.3.0.STS\lib\</path>
         <kind>archive</kind>
         <file>rts430_eabi.lib</file>
         <name>lsl16.obj</name>
      </input_file>
      <input_file id="fl-61">
         <path>C:\ti\ccsv6\tools\compiler\ti-cgt-msp430_16.3.0.STS\lib\</path>
         <kind>archive</kind>
         <file>rts430_eabi.lib</file>
         <name>remove.obj</name>
      </input_file>
   </input_file_list>
   <object_component_list>
      <object_component id="oc-3ff">
         <name>.bss:parmbuf</name>
         <uninitialized>true</uninitialized>
         <run_address>0x12cc</run_address>
         <size>0x8</size>
         <input_file_ref idref="fl-53"/>
      </object_component>
      <object_component id="oc-39e">
         <name>.bss</name>
         <uninitialized>true</uninitialized>
         <run_address>0x12d4</run_address>
         <size>0x6</size>
         <input_file_ref idref="fl-5e"/>
      </object_component>
      <object_component id="oc-231">
         <name>.common:rx_data_buffer_tab</name>
         <uninitialized>true</uninitialized>
         <run_address>0x1204</run_address>
         <size>0x64</size>
      </object_component>
      <object_component id="oc-226">
         <name>.common:tx_data_buffer_tab</name>
         <uninitialized>true</uninitialized>
         <run_address>0x1268</run_address>
         <size>0x64</size>
      </object_component>
      <object_component id="oc-1db">
         <name>.common:app_buffer</name>
         <uninitialized>true</uninitialized>
         <run_address>0x11a0</run_address>
         <size>0x64</size>
      </object_component>
      <object_component id="oc-3f4">
         <name>.common:__TI_tmpnams</name>
         <uninitialized>true</uninitialized>
         <run_address>0x1100</run_address>
         <size>0xa0</size>
      </object_component>
      <object_component id="oc-1d2">
         <name>.data:rxBuf</name>
         <load_address>0x14e8</load_address>
         <run_address>0x14e8</run_address>
         <size>0x6</size>
         <input_file_ref idref="fl-4"/>
      </object_component>
      <object_component id="oc-1c2">
         <name>.data:txBuf</name>
         <load_address>0x14ee</load_address>
         <run_address>0x14ee</run_address>
         <size>0x6</size>
         <input_file_ref idref="fl-4"/>
      </object_component>
      <object_component id="oc-1fc">
         <name>.data</name>
         <load_address>0x14fe</load_address>
         <run_address>0x14fe</run_address>
         <size>0x2</size>
         <input_file_ref idref="fl-25"/>
      </object_component>
      <object_component id="oc-205">
         <name>.data:__TI_cleanup_ptr</name>
         <load_address>0x14f4</load_address>
         <run_address>0x14f4</run_address>
         <size>0x2</size>
         <input_file_ref idref="fl-26"/>
      </object_component>
      <object_component id="oc-202">
         <name>.data:__TI_dtors_ptr</name>
         <load_address>0x14f6</load_address>
         <run_address>0x14f6</run_address>
         <size>0x2</size>
         <input_file_ref idref="fl-26"/>
      </object_component>
      <object_component id="oc-1ff">
         <name>.data:_lock</name>
         <load_address>0x14f8</load_address>
         <run_address>0x14f8</run_address>
         <size>0x2</size>
         <input_file_ref idref="fl-3e"/>
      </object_component>
      <object_component id="oc-208">
         <name>.data:_unlock</name>
         <load_address>0x14fa</load_address>
         <run_address>0x14fa</run_address>
         <size>0x2</size>
         <input_file_ref idref="fl-3e"/>
      </object_component>
      <object_component id="oc-29c">
         <name>.data:_ftable</name>
         <load_address>0x13fa</load_address>
         <run_address>0x13fa</run_address>
         <size>0x78</size>
         <input_file_ref idref="fl-43"/>
      </object_component>
      <object_component id="oc-3b2">
         <name>.data</name>
         <load_address>0x14fc</load_address>
         <run_address>0x14fc</run_address>
         <size>0x2</size>
         <input_file_ref idref="fl-43"/>
      </object_component>
      <object_component id="oc-384">
         <name>.data:_device</name>
         <load_address>0x1472</load_address>
         <run_address>0x1472</run_address>
         <size>0x4e</size>
         <input_file_ref idref="fl-47"/>
      </object_component>
      <object_component id="oc-33e">
         <name>.data:_stream</name>
         <load_address>0x14c0</load_address>
         <run_address>0x14c0</run_address>
         <size>0x28</size>
         <input_file_ref idref="fl-47"/>
      </object_component>
      <object_component id="oc-3a2">
         <name>.data</name>
         <load_address>0x1500</load_address>
         <run_address>0x1500</run_address>
         <size>0x2</size>
         <input_file_ref idref="fl-5e"/>
      </object_component>
      <object_component id="oc-138">
         <name>.sysmem</name>
         <uninitialized>true</uninitialized>
         <run_address>0x1504</run_address>
         <size>0x4</size>
         <input_file_ref idref="fl-5e"/>
      </object_component>
      <object_component id="oc-4a2">
         <name>.sysmem</name>
         <uninitialized>true</uninitialized>
         <run_address>0x1504</run_address>
         <size>0x0</size>
      </object_component>
      <object_component id="oc-134">
         <name>.stack</name>
         <uninitialized>true</uninitialized>
         <run_address>0x38b0</run_address>
         <size>0x2</size>
         <input_file_ref idref="fl-1f"/>
      </object_component>
      <object_component id="oc-4a1">
         <name>.stack</name>
         <uninitialized>true</uninitialized>
         <run_address>0x38b0</run_address>
         <size>0x0</size>
      </object_component>
      <object_component id="oc-2d7">
         <name>.text:_setfield</name>
         <load_address>0x4000</load_address>
         <run_address>0x4000</run_address>
         <size>0x116</size>
         <input_file_ref idref="fl-3f"/>
      </object_component>
      <object_component id="oc-2c3">
         <name>.text:fputs</name>
         <load_address>0x4116</load_address>
         <run_address>0x4116</run_address>
         <size>0xea</size>
         <input_file_ref idref="fl-46"/>
      </object_component>
      <object_component id="oc-2ab">
         <name>.text:__TI_printfi_minimal</name>
         <load_address>0x4200</load_address>
         <run_address>0x4200</run_address>
         <size>0xe6</size>
         <input_file_ref idref="fl-3f"/>
      </object_component>
      <object_component id="oc-332">
         <name>.text:setvbuf</name>
         <load_address>0x42e6</load_address>
         <run_address>0x42e6</run_address>
         <size>0xd0</size>
         <input_file_ref idref="fl-5b"/>
      </object_component>
      <object_component id="oc-318">
         <name>.text:_pproc_diouxp</name>
         <load_address>0x43b6</load_address>
         <run_address>0x43b6</run_address>
         <size>0xc8</size>
         <input_file_ref idref="fl-3f"/>
      </object_component>
      <object_component id="oc-36b">
         <name>.text:malloc</name>
         <load_address>0x447e</load_address>
         <run_address>0x447e</run_address>
         <size>0xae</size>
         <input_file_ref idref="fl-5e"/>
      </object_component>
      <object_component id="oc-3d0">
         <name>.text:HOSTlseek</name>
         <load_address>0x452c</load_address>
         <run_address>0x452c</run_address>
         <size>0xa2</size>
         <input_file_ref idref="fl-53"/>
      </object_component>
      <object_component id="oc-18d">
         <name>.text:main</name>
         <load_address>0x45ce</load_address>
         <run_address>0x45ce</run_address>
         <size>0x92</size>
         <input_file_ref idref="fl-4"/>
      </object_component>
      <object_component id="oc-2ca">
         <name>.text:fputc</name>
         <load_address>0x4660</load_address>
         <run_address>0x4660</run_address>
         <size>0x90</size>
         <input_file_ref idref="fl-45"/>
      </object_component>
      <object_component id="oc-20e">
         <name>.text:textFormat</name>
         <load_address>0x46f0</load_address>
         <run_address>0x46f0</run_address>
         <size>0x8a</size>
         <input_file_ref idref="fl-3"/>
      </object_component>
      <object_component id="oc-173">
         <name>.text:_auto_init_hold_wdt</name>
         <load_address>0x477a</load_address>
         <run_address>0x477a</run_address>
         <size>0x84</size>
         <input_file_ref idref="fl-41"/>
      </object_component>
      <object_component id="oc-365">
         <name>.text:free</name>
         <load_address>0x47fe</load_address>
         <run_address>0x47fe</run_address>
         <size>0x80</size>
         <input_file_ref idref="fl-5e"/>
      </object_component>
      <object_component id="oc-2f3">
         <name>.text:__TI_wrt_ok</name>
         <load_address>0x487e</load_address>
         <run_address>0x487e</run_address>
         <size>0x7a</size>
         <input_file_ref idref="fl-55"/>
      </object_component>
      <object_component id="oc-27f">
         <name>.text:formatCapitalLetter</name>
         <load_address>0x48f8</load_address>
         <run_address>0x48f8</run_address>
         <size>0x7a</size>
         <input_file_ref idref="fl-3"/>
      </object_component>
      <object_component id="oc-160">
         <name>.text:USART0_RX</name>
         <load_address>0x4972</load_address>
         <run_address>0x4972</run_address>
         <size>0x72</size>
         <input_file_ref idref="fl-4"/>
      </object_component>
      <object_component id="oc-3ac">
         <name>.text:__TI_closefile</name>
         <load_address>0x49e4</load_address>
         <run_address>0x49e4</run_address>
         <size>0x72</size>
         <input_file_ref idref="fl-5f"/>
      </object_component>
      <object_component id="oc-32c">
         <name>.text:fseek</name>
         <load_address>0x4a56</load_address>
         <run_address>0x4a56</run_address>
         <size>0x70</size>
         <input_file_ref idref="fl-59"/>
      </object_component>
      <object_component id="oc-3dc">
         <name>.text:HOSTrename</name>
         <load_address>0x4ac6</load_address>
         <run_address>0x4ac6</run_address>
         <size>0x6a</size>
         <input_file_ref idref="fl-53"/>
      </object_component>
      <object_component id="oc-3b8">
         <name>.text:HOSTopen</name>
         <load_address>0x4b30</load_address>
         <run_address>0x4b30</run_address>
         <size>0x66</size>
         <input_file_ref idref="fl-53"/>
      </object_component>
      <object_component id="oc-148">
         <name>.text:__TI_decompress_rle_core</name>
         <load_address>0x4b96</load_address>
         <run_address>0x4b96</run_address>
         <size>0x64</size>
         <input_file_ref idref="fl-22"/>
      </object_component>
      <object_component id="oc-3ca">
         <name>.text:HOSTwrite</name>
         <load_address>0x4bfa</load_address>
         <run_address>0x4bfa</run_address>
         <size>0x62</size>
         <input_file_ref idref="fl-53"/>
      </object_component>
      <object_component id="oc-2ff">
         <name>.text:__TI_doflush</name>
         <load_address>0x4c5c</load_address>
         <run_address>0x4c5c</run_address>
         <size>0x62</size>
         <input_file_ref idref="fl-58"/>
      </object_component>
      <object_component id="oc-3c4">
         <name>.text:HOSTread</name>
         <load_address>0x4cbe</load_address>
         <run_address>0x4cbe</run_address>
         <size>0x60</size>
         <input_file_ref idref="fl-53"/>
      </object_component>
      <object_component id="oc-1e7">
         <name>.text:copy_in</name>
         <load_address>0x4d1e</load_address>
         <run_address>0x4d1e</run_address>
         <size>0x5a</size>
         <input_file_ref idref="fl-42"/>
      </object_component>
      <object_component id="oc-428">
         <name>.text:getdevice</name>
         <load_address>0x4d78</load_address>
         <run_address>0x4d78</run_address>
         <size>0x58</size>
         <input_file_ref idref="fl-47"/>
      </object_component>
      <object_component id="oc-273">
         <name>.text:formatRepeatedLetters</name>
         <load_address>0x4dd0</load_address>
         <run_address>0x4dd0</run_address>
         <size>0x52</size>
         <input_file_ref idref="fl-3"/>
      </object_component>
      <object_component id="oc-279">
         <name>.text:formatSpaces</name>
         <load_address>0x4e22</load_address>
         <run_address>0x4e22</run_address>
         <size>0x50</size>
         <input_file_ref idref="fl-3"/>
      </object_component>
      <object_component id="oc-350">
         <name>.text</name>
         <load_address>0x4e72</load_address>
         <run_address>0x4e72</run_address>
         <size>0x4c</size>
         <input_file_ref idref="fl-48"/>
      </object_component>
      <object_component id="oc-3e9">
         <name>.text:close</name>
         <load_address>0x4ebe</load_address>
         <run_address>0x4ebe</run_address>
         <size>0x4a</size>
         <input_file_ref idref="fl-47"/>
      </object_component>
      <object_component id="oc-3be">
         <name>.text:HOSTclose</name>
         <load_address>0x4f08</load_address>
         <run_address>0x4f08</run_address>
         <size>0x44</size>
         <input_file_ref idref="fl-53"/>
      </object_component>
      <object_component id="oc-17f">
         <name>.text:exit</name>
         <load_address>0x4f4c</load_address>
         <run_address>0x4f4c</run_address>
         <size>0x44</size>
         <input_file_ref idref="fl-25"/>
      </object_component>
      <object_component id="oc-3d6">
         <name>.text:HOSTunlink</name>
         <load_address>0x4f90</load_address>
         <run_address>0x4f90</run_address>
         <size>0x40</size>
         <input_file_ref idref="fl-53"/>
      </object_component>
      <object_component id="oc-1c5">
         <name>.text:data_buffer_number</name>
         <load_address>0x4fd0</load_address>
         <run_address>0x4fd0</run_address>
         <size>0x3e</size>
         <input_file_ref idref="fl-2"/>
      </object_component>
      <object_component id="oc-1cb">
         <name>.text:data_buffer_read</name>
         <load_address>0x500e</load_address>
         <run_address>0x500e</run_address>
         <size>0x3e</size>
         <input_file_ref idref="fl-2"/>
      </object_component>
      <object_component id="oc-413">
         <name>.text:l_asr_const</name>
         <load_address>0x504c</load_address>
         <run_address>0x504c</run_address>
         <size>0x3e</size>
         <input_file_ref idref="fl-57"/>
      </object_component>
      <object_component id="oc-418">
         <name>.text:l_lsl_const</name>
         <load_address>0x508a</load_address>
         <run_address>0x508a</run_address>
         <size>0x3e</size>
         <input_file_ref idref="fl-5a"/>
      </object_component>
      <object_component id="oc-1d5">
         <name>.text:data_buffer_write</name>
         <load_address>0x50c8</load_address>
         <run_address>0x50c8</run_address>
         <size>0x3c</size>
         <input_file_ref idref="fl-2"/>
      </object_component>
      <object_component id="oc-267">
         <name>.text:printf</name>
         <load_address>0x5104</load_address>
         <run_address>0x5104</run_address>
         <size>0x3c</size>
         <input_file_ref idref="fl-3d"/>
      </object_component>
      <object_component id="oc-3a5">
         <name>.text:minit</name>
         <load_address>0x5140</load_address>
         <run_address>0x5140</run_address>
         <size>0x38</size>
         <input_file_ref idref="fl-5e"/>
      </object_component>
      <object_component id="oc-26d">
         <name>.text:toLowCases</name>
         <load_address>0x5178</load_address>
         <run_address>0x5178</run_address>
         <size>0x36</size>
         <input_file_ref idref="fl-3"/>
      </object_component>
      <object_component id="oc-371">
         <name>.text:__TI_cleanup</name>
         <load_address>0x51ae</load_address>
         <run_address>0x51ae</run_address>
         <size>0x34</size>
         <input_file_ref idref="fl-5d"/>
      </object_component>
      <object_component id="oc-44b">
         <name>.text:finddevice</name>
         <load_address>0x51e2</load_address>
         <run_address>0x51e2</run_address>
         <size>0x34</size>
         <input_file_ref idref="fl-47"/>
      </object_component>
      <object_component id="oc-15a">
         <name>.text:USART0_TX</name>
         <load_address>0x5216</load_address>
         <run_address>0x5216</run_address>
         <size>0x2e</size>
         <input_file_ref idref="fl-4"/>
      </object_component>
      <object_component id="oc-402">
         <name>.text:__TI_writemsg</name>
         <load_address>0x5244</load_address>
         <run_address>0x5244</run_address>
         <size>0x2e</size>
         <input_file_ref idref="fl-54"/>
      </object_component>
      <object_component id="oc-2b4">
         <name>.text:removeBlankLetters</name>
         <load_address>0x5272</load_address>
         <run_address>0x5272</run_address>
         <size>0x2e</size>
         <input_file_ref idref="fl-3"/>
      </object_component>
      <object_component id="oc-408">
         <name>.text:__TI_readmsg</name>
         <load_address>0x52a0</load_address>
         <run_address>0x52a0</run_address>
         <size>0x2c</size>
         <input_file_ref idref="fl-54"/>
      </object_component>
      <object_component id="oc-3ef">
         <name>.text</name>
         <load_address>0x52cc</load_address>
         <run_address>0x52cc</run_address>
         <size>0x2c</size>
         <input_file_ref idref="fl-60"/>
      </object_component>
      <object_component id="oc-445">
         <name>.text:strncpy</name>
         <load_address>0x52f8</load_address>
         <run_address>0x52f8</run_address>
         <size>0x2c</size>
         <input_file_ref idref="fl-52"/>
      </object_component>
      <object_component id="oc-3f5">
         <name>.text:unlink</name>
         <load_address>0x5324</load_address>
         <run_address>0x5324</run_address>
         <size>0x28</size>
         <input_file_ref idref="fl-47"/>
      </object_component>
      <object_component id="oc-35d">
         <name>.text:lseek</name>
         <load_address>0x534c</load_address>
         <run_address>0x534c</run_address>
         <size>0x26</size>
         <input_file_ref idref="fl-47"/>
      </object_component>
      <object_component id="oc-305">
         <name>.text:write</name>
         <load_address>0x5372</load_address>
         <run_address>0x5372</run_address>
         <size>0x24</size>
         <input_file_ref idref="fl-47"/>
      </object_component>
      <object_component id="oc-5f">
         <name>.text:_c_int00_noargs</name>
         <load_address>0x5396</load_address>
         <run_address>0x5396</run_address>
         <size>0x1c</size>
         <input_file_ref idref="fl-20"/>
      </object_component>
      <object_component id="oc-31e">
         <name>.text:memccpy</name>
         <load_address>0x53b2</load_address>
         <run_address>0x53b2</run_address>
         <size>0x1a</size>
         <input_file_ref idref="fl-4a"/>
      </object_component>
      <object_component id="oc-43f">
         <name>.text:strchr</name>
         <load_address>0x53cc</load_address>
         <run_address>0x53cc</run_address>
         <size>0x1a</size>
         <input_file_ref idref="fl-4f"/>
      </object_component>
      <object_component id="oc-45c">
         <name>.text:strcmp</name>
         <load_address>0x53e6</load_address>
         <run_address>0x53e6</run_address>
         <size>0x18</size>
         <input_file_ref idref="fl-50"/>
      </object_component>
      <object_component id="oc-214">
         <name>.text:mystrlen</name>
         <load_address>0x53fe</load_address>
         <run_address>0x53fe</run_address>
         <size>0x16</size>
         <input_file_ref idref="fl-3"/>
      </object_component>
      <object_component id="oc-34b">
         <name>.text</name>
         <load_address>0x5414</load_address>
         <run_address>0x5414</run_address>
         <size>0x16</size>
         <input_file_ref idref="fl-44"/>
      </object_component>
      <object_component id="oc-2f9">
         <name>.text:memchr</name>
         <load_address>0x542a</load_address>
         <run_address>0x542a</run_address>
         <size>0x14</size>
         <input_file_ref idref="fl-4b"/>
      </object_component>
      <object_component id="oc-311">
         <name>.text:memset</name>
         <load_address>0x543e</load_address>
         <run_address>0x543e</run_address>
         <size>0x14</size>
         <input_file_ref idref="fl-4c"/>
      </object_component>
      <object_component id="oc-237">
         <name>.text</name>
         <load_address>0x5452</load_address>
         <run_address>0x5452</run_address>
         <size>0x14</size>
         <input_file_ref idref="fl-38"/>
      </object_component>
      <object_component id="oc-32">
         <name>.text:decompress:none:__TI_decompress_none</name>
         <load_address>0x5466</load_address>
         <run_address>0x5466</run_address>
         <size>0x12</size>
         <input_file_ref idref="fl-21"/>
      </object_component>
      <object_component id="oc-13b">
         <name>.text:memcpy</name>
         <load_address>0x5478</load_address>
         <run_address>0x5478</run_address>
         <size>0x12</size>
         <input_file_ref idref="fl-35"/>
      </object_component>
      <object_component id="oc-1b9">
         <name>.text</name>
         <load_address>0x548a</load_address>
         <run_address>0x548a</run_address>
         <size>0x10</size>
         <input_file_ref idref="fl-24"/>
      </object_component>
      <object_component id="oc-41f">
         <name>.text:strcpy</name>
         <load_address>0x549a</load_address>
         <run_address>0x549a</run_address>
         <size>0x10</size>
         <input_file_ref idref="fl-5c"/>
      </object_component>
      <object_component id="oc-2d1">
         <name>.text:strlen</name>
         <load_address>0x54aa</load_address>
         <run_address>0x54aa</run_address>
         <size>0xe</size>
         <input_file_ref idref="fl-51"/>
      </object_component>
      <object_component id="oc-155">
         <name>.text:_isr:__TI_ISR_TRAP</name>
         <load_address>0x54b8</load_address>
         <run_address>0x54b8</run_address>
         <size>0x8</size>
         <input_file_ref idref="fl-34"/>
      </object_component>
      <object_component id="oc-2a5">
         <name>.text:_outc</name>
         <load_address>0x54c0</load_address>
         <run_address>0x54c0</run_address>
         <size>0x6</size>
         <input_file_ref idref="fl-3d"/>
      </object_component>
      <object_component id="oc-195">
         <name>.text:abort</name>
         <load_address>0x54c6</load_address>
         <run_address>0x54c6</run_address>
         <size>0x6</size>
         <input_file_ref idref="fl-25"/>
      </object_component>
      <object_component id="oc-38">
         <name>.text:decompress:rle24:__TI_decompress_rle24</name>
         <load_address>0x54cc</load_address>
         <run_address>0x54cc</run_address>
         <size>0x6</size>
         <input_file_ref idref="fl-22"/>
      </object_component>
      <object_component id="oc-29f">
         <name>.text:_outs</name>
         <load_address>0x54d2</load_address>
         <run_address>0x54d2</run_address>
         <size>0x4</size>
         <input_file_ref idref="fl-3d"/>
      </object_component>
      <object_component id="oc-16d">
         <name>.text:_system_pre_init</name>
         <load_address>0x54d6</load_address>
         <run_address>0x54d6</run_address>
         <size>0x4</size>
         <input_file_ref idref="fl-3c"/>
      </object_component>
      <object_component id="oc-254">
         <name>.text:_nop</name>
         <load_address>0x54da</load_address>
         <run_address>0x54da</run_address>
         <size>0x2</size>
         <input_file_ref idref="fl-3e"/>
      </object_component>
      <object_component id="oc-1ed">
         <name>.text:_system_post_cinit</name>
         <load_address>0x54dc</load_address>
         <run_address>0x54dc</run_address>
         <size>0x2</size>
         <input_file_ref idref="fl-4e"/>
      </object_component>
      <object_component id="oc-4a0">
         <name>.cinit..data.load</name>
         <load_address>0x5514</load_address>
         <run_address>0x5514</run_address>
         <size>0x51</size>
      </object_component>
      <object_component id="oc-49f">
         <name>.cinit..bss.load</name>
         <load_address>0x5566</load_address>
         <run_address>0x5566</run_address>
         <size>0xb</size>
      </object_component>
      <object_component id="oc-49d">
         <name>__TI_handler_table</name>
         <load_address>0x5572</load_address>
         <run_address>0x5572</run_address>
         <size>0x4</size>
      </object_component>
      <object_component id="oc-49e">
         <name>__TI_cinit_table</name>
         <load_address>0x5576</load_address>
         <run_address>0x5576</run_address>
         <size>0x8</size>
      </object_component>
      <object_component id="oc-266">
         <name>.const:.string</name>
         <load_address>0x54de</load_address>
         <run_address>0x54de</run_address>
         <size>0x22</size>
         <input_file_ref idref="fl-3"/>
      </object_component>
      <object_component id="oc-317">
         <name>.const:.string</name>
         <load_address>0x5500</load_address>
         <run_address>0x5500</run_address>
         <size>0x14</size>
         <input_file_ref idref="fl-3f"/>
      </object_component>
      <object_component id="oc-433">
         <name>.cio</name>
         <uninitialized>true</uninitialized>
         <run_address>0x12da</run_address>
         <size>0x120</size>
         <input_file_ref idref="fl-54"/>
      </object_component>
      <object_component id="oc-3e">
         <name>.int00</name>
         <load_address>0xffe0</load_address>
         <run_address>0xffe0</run_address>
         <size>0x2</size>
         <input_file_ref idref="fl-27"/>
      </object_component>
      <object_component id="oc-3f">
         <name>.int01</name>
         <load_address>0xffe2</load_address>
         <run_address>0xffe2</run_address>
         <size>0x2</size>
         <input_file_ref idref="fl-28"/>
      </object_component>
      <object_component id="oc-40">
         <name>.int02</name>
         <load_address>0xffe4</load_address>
         <run_address>0xffe4</run_address>
         <size>0x2</size>
         <input_file_ref idref="fl-29"/>
      </object_component>
      <object_component id="oc-41">
         <name>.int03</name>
         <load_address>0xffe6</load_address>
         <run_address>0xffe6</run_address>
         <size>0x2</size>
         <input_file_ref idref="fl-2a"/>
      </object_component>
      <object_component id="oc-42">
         <name>.int04</name>
         <load_address>0xffe8</load_address>
         <run_address>0xffe8</run_address>
         <size>0x2</size>
         <input_file_ref idref="fl-2b"/>
      </object_component>
      <object_component id="oc-43">
         <name>.int05</name>
         <load_address>0xffea</load_address>
         <run_address>0xffea</run_address>
         <size>0x2</size>
         <input_file_ref idref="fl-2c"/>
      </object_component>
      <object_component id="oc-44">
         <name>.int06</name>
         <load_address>0xffec</load_address>
         <run_address>0xffec</run_address>
         <size>0x2</size>
         <input_file_ref idref="fl-2d"/>
      </object_component>
      <object_component id="oc-45">
         <name>.int07</name>
         <load_address>0xffee</load_address>
         <run_address>0xffee</run_address>
         <size>0x2</size>
         <input_file_ref idref="fl-2e"/>
      </object_component>
      <object_component id="oc-46">
         <name>.int08</name>
         <load_address>0xfff0</load_address>
         <run_address>0xfff0</run_address>
         <size>0x2</size>
         <input_file_ref idref="fl-4"/>
      </object_component>
      <object_component id="oc-47">
         <name>.int09</name>
         <load_address>0xfff2</load_address>
         <run_address>0xfff2</run_address>
         <size>0x2</size>
         <input_file_ref idref="fl-4"/>
      </object_component>
      <object_component id="oc-48">
         <name>.int10</name>
         <load_address>0xfff4</load_address>
         <run_address>0xfff4</run_address>
         <size>0x2</size>
         <input_file_ref idref="fl-2f"/>
      </object_component>
      <object_component id="oc-49">
         <name>.int11</name>
         <load_address>0xfff6</load_address>
         <run_address>0xfff6</run_address>
         <size>0x2</size>
         <input_file_ref idref="fl-30"/>
      </object_component>
      <object_component id="oc-4a">
         <name>.int12</name>
         <load_address>0xfff8</load_address>
         <run_address>0xfff8</run_address>
         <size>0x2</size>
         <input_file_ref idref="fl-31"/>
      </object_component>
      <object_component id="oc-4b">
         <name>.int13</name>
         <load_address>0xfffa</load_address>
         <run_address>0xfffa</run_address>
         <size>0x2</size>
         <input_file_ref idref="fl-32"/>
      </object_component>
      <object_component id="oc-4c">
         <name>.int14</name>
         <load_address>0xfffc</load_address>
         <run_address>0xfffc</run_address>
         <size>0x2</size>
         <input_file_ref idref="fl-33"/>
      </object_component>
      <object_component id="oc-137">
         <name>.reset</name>
         <load_address>0xfffe</load_address>
         <run_address>0xfffe</run_address>
         <size>0x2</size>
         <input_file_ref idref="fl-1f"/>
      </object_component>
      <object_component id="oc-22f">
         <name>.debug_info</name>
         <load_address>0x0</load_address>
         <run_address>0x0</run_address>
         <size>0x129</size>
         <input_file_ref idref="fl-2"/>
      </object_component>
      <object_component id="oc-1d6">
         <name>.debug_info</name>
         <load_address>0x129</load_address>
         <run_address>0x129</run_address>
         <size>0x15d</size>
         <input_file_ref idref="fl-2"/>
      </object_component>
      <object_component id="oc-1cc">
         <name>.debug_info</name>
         <load_address>0x286</load_address>
         <run_address>0x286</run_address>
         <size>0x14e</size>
         <input_file_ref idref="fl-2"/>
      </object_component>
      <object_component id="oc-1c6">
         <name>.debug_info</name>
         <load_address>0x3d4</load_address>
         <run_address>0x3d4</run_address>
         <size>0x156</size>
         <input_file_ref idref="fl-2"/>
      </object_component>
      <object_component id="oc-229">
         <name>.debug_info</name>
         <load_address>0x52a</load_address>
         <run_address>0x52a</run_address>
         <size>0x9a</size>
         <input_file_ref idref="fl-2"/>
      </object_component>
      <object_component id="oc-1a3">
         <name>.debug_info</name>
         <load_address>0x5c4</load_address>
         <run_address>0x5c4</run_address>
         <size>0x84</size>
         <input_file_ref idref="fl-2"/>
      </object_component>
      <object_component id="oc-1df">
         <name>.debug_info</name>
         <load_address>0x648</load_address>
         <run_address>0x648</run_address>
         <size>0x18b</size>
         <input_file_ref idref="fl-2"/>
      </object_component>
      <object_component id="oc-286">
         <name>.debug_info</name>
         <load_address>0x7d3</load_address>
         <run_address>0x7d3</run_address>
         <size>0x17b</size>
         <input_file_ref idref="fl-3"/>
      </object_component>
      <object_component id="oc-270">
         <name>.debug_info</name>
         <load_address>0x94e</load_address>
         <run_address>0x94e</run_address>
         <size>0x139</size>
         <input_file_ref idref="fl-3"/>
      </object_component>
      <object_component id="oc-280">
         <name>.debug_info</name>
         <load_address>0xa87</load_address>
         <run_address>0xa87</run_address>
         <size>0x168</size>
         <input_file_ref idref="fl-3"/>
      </object_component>
      <object_component id="oc-275">
         <name>.debug_info</name>
         <load_address>0xbef</load_address>
         <run_address>0xbef</run_address>
         <size>0x181</size>
         <input_file_ref idref="fl-3"/>
      </object_component>
      <object_component id="oc-27b">
         <name>.debug_info</name>
         <load_address>0xd70</load_address>
         <run_address>0xd70</run_address>
         <size>0x156</size>
         <input_file_ref idref="fl-3"/>
      </object_component>
      <object_component id="oc-2b6">
         <name>.debug_info</name>
         <load_address>0xec6</load_address>
         <run_address>0xec6</run_address>
         <size>0x15c</size>
         <input_file_ref idref="fl-3"/>
      </object_component>
      <object_component id="oc-216">
         <name>.debug_info</name>
         <load_address>0x1022</load_address>
         <run_address>0x1022</run_address>
         <size>0x11d</size>
         <input_file_ref idref="fl-3"/>
      </object_component>
      <object_component id="oc-20f">
         <name>.debug_info</name>
         <load_address>0x113f</load_address>
         <run_address>0x113f</run_address>
         <size>0x1f2</size>
         <input_file_ref idref="fl-3"/>
      </object_component>
      <object_component id="oc-2df">
         <name>.debug_info</name>
         <load_address>0x1331</load_address>
         <run_address>0x1331</run_address>
         <size>0x2c</size>
         <input_file_ref idref="fl-3"/>
      </object_component>
      <object_component id="oc-1dc">
         <name>.debug_info</name>
         <load_address>0x135d</load_address>
         <run_address>0x135d</run_address>
         <size>0x52a</size>
         <input_file_ref idref="fl-4"/>
      </object_component>
      <object_component id="oc-1d3">
         <name>.debug_info</name>
         <load_address>0x1887</load_address>
         <run_address>0x1887</run_address>
         <size>0xba</size>
         <input_file_ref idref="fl-4"/>
      </object_component>
      <object_component id="oc-1c3">
         <name>.debug_info</name>
         <load_address>0x1941</load_address>
         <run_address>0x1941</run_address>
         <size>0xba</size>
         <input_file_ref idref="fl-4"/>
      </object_component>
      <object_component id="oc-190">
         <name>.debug_info</name>
         <load_address>0x19fb</load_address>
         <run_address>0x19fb</run_address>
         <size>0x123</size>
         <input_file_ref idref="fl-4"/>
      </object_component>
      <object_component id="oc-161">
         <name>.debug_info</name>
         <load_address>0x1b1e</load_address>
         <run_address>0x1b1e</run_address>
         <size>0x171</size>
         <input_file_ref idref="fl-4"/>
      </object_component>
      <object_component id="oc-15c">
         <name>.debug_info</name>
         <load_address>0x1c8f</load_address>
         <run_address>0x1c8f</run_address>
         <size>0x11d</size>
         <input_file_ref idref="fl-4"/>
      </object_component>
      <object_component id="oc-135">
         <name>.debug_info</name>
         <load_address>0x1dac</load_address>
         <run_address>0x1dac</run_address>
         <size>0x110</size>
         <input_file_ref idref="fl-1f"/>
      </object_component>
      <object_component id="oc-60">
         <name>.debug_info</name>
         <load_address>0x1ebc</load_address>
         <run_address>0x1ebc</run_address>
         <size>0x1a2</size>
         <input_file_ref idref="fl-20"/>
      </object_component>
      <object_component id="oc-147">
         <name>.debug_info</name>
         <load_address>0x205e</load_address>
         <run_address>0x205e</run_address>
         <size>0x1cd</size>
         <input_file_ref idref="fl-21"/>
      </object_component>
      <object_component id="oc-33">
         <name>.debug_info</name>
         <load_address>0x222b</load_address>
         <run_address>0x222b</run_address>
         <size>0x1fa</size>
         <input_file_ref idref="fl-21"/>
      </object_component>
      <object_component id="oc-142">
         <name>.debug_info</name>
         <load_address>0x2425</load_address>
         <run_address>0x2425</run_address>
         <size>0x46</size>
         <input_file_ref idref="fl-21"/>
      </object_component>
      <object_component id="oc-1b2">
         <name>.debug_info</name>
         <load_address>0x246b</load_address>
         <run_address>0x246b</run_address>
         <size>0x2c</size>
         <input_file_ref idref="fl-21"/>
      </object_component>
      <object_component id="oc-14f">
         <name>.debug_info</name>
         <load_address>0x2497</load_address>
         <run_address>0x2497</run_address>
         <size>0x18f</size>
         <input_file_ref idref="fl-22"/>
      </object_component>
      <object_component id="oc-149">
         <name>.debug_info</name>
         <load_address>0x2626</load_address>
         <run_address>0x2626</run_address>
         <size>0x255</size>
         <input_file_ref idref="fl-22"/>
      </object_component>
      <object_component id="oc-39">
         <name>.debug_info</name>
         <load_address>0x287b</load_address>
         <run_address>0x287b</run_address>
         <size>0x1cc</size>
         <input_file_ref idref="fl-22"/>
      </object_component>
      <object_component id="oc-150">
         <name>.debug_info</name>
         <load_address>0x2a47</load_address>
         <run_address>0x2a47</run_address>
         <size>0x39</size>
         <input_file_ref idref="fl-22"/>
      </object_component>
      <object_component id="oc-1ad">
         <name>.debug_info</name>
         <load_address>0x2a80</load_address>
         <run_address>0x2a80</run_address>
         <size>0x2c</size>
         <input_file_ref idref="fl-23"/>
      </object_component>
      <object_component id="oc-1bc">
         <name>.debug_info</name>
         <load_address>0x2aac</load_address>
         <run_address>0x2aac</run_address>
         <size>0x141</size>
         <input_file_ref idref="fl-24"/>
      </object_component>
      <object_component id="oc-20c">
         <name>.debug_info</name>
         <load_address>0x2bed</load_address>
         <run_address>0x2bed</run_address>
         <size>0x26a</size>
         <input_file_ref idref="fl-25"/>
      </object_component>
      <object_component id="oc-1fd">
         <name>.debug_info</name>
         <load_address>0x2e57</load_address>
         <run_address>0x2e57</run_address>
         <size>0x142</size>
         <input_file_ref idref="fl-25"/>
      </object_component>
      <object_component id="oc-197">
         <name>.debug_info</name>
         <load_address>0x2f99</load_address>
         <run_address>0x2f99</run_address>
         <size>0x132</size>
         <input_file_ref idref="fl-25"/>
      </object_component>
      <object_component id="oc-183">
         <name>.debug_info</name>
         <load_address>0x30cb</load_address>
         <run_address>0x30cb</run_address>
         <size>0x1a7</size>
         <input_file_ref idref="fl-25"/>
      </object_component>
      <object_component id="oc-25f">
         <name>.debug_info</name>
         <load_address>0x3272</load_address>
         <run_address>0x3272</run_address>
         <size>0x113</size>
         <input_file_ref idref="fl-26"/>
      </object_component>
      <object_component id="oc-206">
         <name>.debug_info</name>
         <load_address>0x3385</load_address>
         <run_address>0x3385</run_address>
         <size>0x12a</size>
         <input_file_ref idref="fl-26"/>
      </object_component>
      <object_component id="oc-203">
         <name>.debug_info</name>
         <load_address>0x34af</load_address>
         <run_address>0x34af</run_address>
         <size>0x126</size>
         <input_file_ref idref="fl-26"/>
      </object_component>
      <object_component id="oc-157">
         <name>.debug_info</name>
         <load_address>0x35d5</load_address>
         <run_address>0x35d5</run_address>
         <size>0x122</size>
         <input_file_ref idref="fl-34"/>
      </object_component>
      <object_component id="oc-1ac">
         <name>.debug_info</name>
         <load_address>0x36f7</load_address>
         <run_address>0x36f7</run_address>
         <size>0x188</size>
         <input_file_ref idref="fl-35"/>
      </object_component>
      <object_component id="oc-13e">
         <name>.debug_info</name>
         <load_address>0x387f</load_address>
         <run_address>0x387f</run_address>
         <size>0x1ac</size>
         <input_file_ref idref="fl-35"/>
      </object_component>
      <object_component id="oc-238">
         <name>.debug_info</name>
         <load_address>0x3a2b</load_address>
         <run_address>0x3a2b</run_address>
         <size>0x132</size>
         <input_file_ref idref="fl-38"/>
      </object_component>
      <object_component id="oc-16f">
         <name>.debug_info</name>
         <load_address>0x3b5d</load_address>
         <run_address>0x3b5d</run_address>
         <size>0x163</size>
         <input_file_ref idref="fl-3c"/>
      </object_component>
      <object_component id="oc-2b2">
         <name>.debug_info</name>
         <load_address>0x3cc0</load_address>
         <run_address>0x3cc0</run_address>
         <size>0x2b7</size>
         <input_file_ref idref="fl-3d"/>
      </object_component>
      <object_component id="oc-2a6">
         <name>.debug_info</name>
         <load_address>0x3f77</load_address>
         <run_address>0x3f77</run_address>
         <size>0x172</size>
         <input_file_ref idref="fl-3d"/>
      </object_component>
      <object_component id="oc-2a2">
         <name>.debug_info</name>
         <load_address>0x40e9</load_address>
         <run_address>0x40e9</run_address>
         <size>0x176</size>
         <input_file_ref idref="fl-3d"/>
      </object_component>
      <object_component id="oc-26a">
         <name>.debug_info</name>
         <load_address>0x425f</load_address>
         <run_address>0x425f</run_address>
         <size>0x194</size>
         <input_file_ref idref="fl-3d"/>
      </object_component>
      <object_component id="oc-2eb">
         <name>.debug_info</name>
         <load_address>0x43f3</load_address>
         <run_address>0x43f3</run_address>
         <size>0xae</size>
         <input_file_ref idref="fl-3d"/>
      </object_component>
      <object_component id="oc-25c">
         <name>.debug_info</name>
         <load_address>0x44a1</load_address>
         <run_address>0x44a1</run_address>
         <size>0x173</size>
         <input_file_ref idref="fl-3e"/>
      </object_component>
      <object_component id="oc-200">
         <name>.debug_info</name>
         <load_address>0x4614</load_address>
         <run_address>0x4614</run_address>
         <size>0x10f</size>
         <input_file_ref idref="fl-3e"/>
      </object_component>
      <object_component id="oc-209">
         <name>.debug_info</name>
         <load_address>0x4723</load_address>
         <run_address>0x4723</run_address>
         <size>0x113</size>
         <input_file_ref idref="fl-3e"/>
      </object_component>
      <object_component id="oc-258">
         <name>.debug_info</name>
         <load_address>0x4836</load_address>
         <run_address>0x4836</run_address>
         <size>0x13e</size>
         <input_file_ref idref="fl-3e"/>
      </object_component>
      <object_component id="oc-2de">
         <name>.debug_info</name>
         <load_address>0x4974</load_address>
         <run_address>0x4974</run_address>
         <size>0x361</size>
         <input_file_ref idref="fl-3f"/>
      </object_component>
      <object_component id="oc-319">
         <name>.debug_info</name>
         <load_address>0x4cd5</load_address>
         <run_address>0x4cd5</run_address>
         <size>0x2d7</size>
         <input_file_ref idref="fl-3f"/>
      </object_component>
      <object_component id="oc-2d8">
         <name>.debug_info</name>
         <load_address>0x4fac</load_address>
         <run_address>0x4fac</run_address>
         <size>0x29f</size>
         <input_file_ref idref="fl-3f"/>
      </object_component>
      <object_component id="oc-2ac">
         <name>.debug_info</name>
         <load_address>0x524b</load_address>
         <run_address>0x524b</run_address>
         <size>0x2f6</size>
         <input_file_ref idref="fl-3f"/>
      </object_component>
      <object_component id="oc-2e4">
         <name>.debug_info</name>
         <load_address>0x5541</load_address>
         <run_address>0x5541</run_address>
         <size>0x86</size>
         <input_file_ref idref="fl-3f"/>
      </object_component>
      <object_component id="oc-356">
         <name>.debug_info</name>
         <load_address>0x55c7</load_address>
         <run_address>0x55c7</run_address>
         <size>0x39</size>
         <input_file_ref idref="fl-3f"/>
      </object_component>
      <object_component id="oc-327">
         <name>.debug_info</name>
         <load_address>0x5600</load_address>
         <run_address>0x5600</run_address>
         <size>0x2c</size>
         <input_file_ref idref="fl-3f"/>
      </object_component>
      <object_component id="oc-1f4">
         <name>.debug_info</name>
         <load_address>0x562c</load_address>
         <run_address>0x562c</run_address>
         <size>0x3f2</size>
         <input_file_ref idref="fl-41"/>
      </object_component>
      <object_component id="oc-176">
         <name>.debug_info</name>
         <load_address>0x5a1e</load_address>
         <run_address>0x5a1e</run_address>
         <size>0x21a</size>
         <input_file_ref idref="fl-41"/>
      </object_component>
      <object_component id="oc-241">
         <name>.debug_info</name>
         <load_address>0x5c38</load_address>
         <run_address>0x5c38</run_address>
         <size>0x39</size>
         <input_file_ref idref="fl-41"/>
      </object_component>
      <object_component id="oc-1f5">
         <name>.debug_info</name>
         <load_address>0x5c71</load_address>
         <run_address>0x5c71</run_address>
         <size>0x2c</size>
         <input_file_ref idref="fl-41"/>
      </object_component>
      <object_component id="oc-246">
         <name>.debug_info</name>
         <load_address>0x5c9d</load_address>
         <run_address>0x5c9d</run_address>
         <size>0xcd</size>
         <input_file_ref idref="fl-41"/>
      </object_component>
      <object_component id="oc-23d">
         <name>.debug_info</name>
         <load_address>0x5d6a</load_address>
         <run_address>0x5d6a</run_address>
         <size>0x26d</size>
         <input_file_ref idref="fl-42"/>
      </object_component>
      <object_component id="oc-1e9">
         <name>.debug_info</name>
         <load_address>0x5fd7</load_address>
         <run_address>0x5fd7</run_address>
         <size>0x1cb</size>
         <input_file_ref idref="fl-42"/>
      </object_component>
      <object_component id="oc-292">
         <name>.debug_info</name>
         <load_address>0x61a2</load_address>
         <run_address>0x61a2</run_address>
         <size>0x2c</size>
         <input_file_ref idref="fl-42"/>
      </object_component>
      <object_component id="oc-2c1">
         <name>.debug_info</name>
         <load_address>0x61ce</load_address>
         <run_address>0x61ce</run_address>
         <size>0x14e</size>
         <input_file_ref idref="fl-43"/>
      </object_component>
      <object_component id="oc-29d">
         <name>.debug_info</name>
         <load_address>0x631c</load_address>
         <run_address>0x631c</run_address>
         <size>0x112</size>
         <input_file_ref idref="fl-43"/>
      </object_component>
      <object_component id="oc-3b3">
         <name>.debug_info</name>
         <load_address>0x642e</load_address>
         <run_address>0x642e</run_address>
         <size>0x11a</size>
         <input_file_ref idref="fl-43"/>
      </object_component>
      <object_component id="oc-34c">
         <name>.debug_info</name>
         <load_address>0x6548</load_address>
         <run_address>0x6548</run_address>
         <size>0x134</size>
         <input_file_ref idref="fl-44"/>
      </object_component>
      <object_component id="oc-30e">
         <name>.debug_info</name>
         <load_address>0x667c</load_address>
         <run_address>0x667c</run_address>
         <size>0x26b</size>
         <input_file_ref idref="fl-45"/>
      </object_component>
      <object_component id="oc-2cc">
         <name>.debug_info</name>
         <load_address>0x68e7</load_address>
         <run_address>0x68e7</run_address>
         <size>0x1e0</size>
         <input_file_ref idref="fl-45"/>
      </object_component>
      <object_component id="oc-30c">
         <name>.debug_info</name>
         <load_address>0x6ac7</load_address>
         <run_address>0x6ac7</run_address>
         <size>0x32f</size>
         <input_file_ref idref="fl-46"/>
      </object_component>
      <object_component id="oc-2c4">
         <name>.debug_info</name>
         <load_address>0x6df6</load_address>
         <run_address>0x6df6</run_address>
         <size>0x2d7</size>
         <input_file_ref idref="fl-46"/>
      </object_component>
      <object_component id="oc-342">
         <name>.debug_info</name>
         <load_address>0x70cd</load_address>
         <run_address>0x70cd</run_address>
         <size>0x4b0</size>
         <input_file_ref idref="fl-47"/>
      </object_component>
      <object_component id="oc-385">
         <name>.debug_info</name>
         <load_address>0x757d</load_address>
         <run_address>0x757d</run_address>
         <size>0x113</size>
         <input_file_ref idref="fl-47"/>
      </object_component>
      <object_component id="oc-33f">
         <name>.debug_info</name>
         <load_address>0x7690</load_address>
         <run_address>0x7690</run_address>
         <size>0x113</size>
         <input_file_ref idref="fl-47"/>
      </object_component>
      <object_component id="oc-309">
         <name>.debug_info</name>
         <load_address>0x77a3</load_address>
         <run_address>0x77a3</run_address>
         <size>0x19f</size>
         <input_file_ref idref="fl-47"/>
      </object_component>
      <object_component id="oc-44e">
         <name>.debug_info</name>
         <load_address>0x7942</load_address>
         <run_address>0x7942</run_address>
         <size>0x19e</size>
         <input_file_ref idref="fl-47"/>
      </object_component>
      <object_component id="oc-42c">
         <name>.debug_info</name>
         <load_address>0x7ae0</load_address>
         <run_address>0x7ae0</run_address>
         <size>0x1f1</size>
         <input_file_ref idref="fl-47"/>
      </object_component>
      <object_component id="oc-3f8">
         <name>.debug_info</name>
         <load_address>0x7cd1</load_address>
         <run_address>0x7cd1</run_address>
         <size>0x1b8</size>
         <input_file_ref idref="fl-47"/>
      </object_component>
      <object_component id="oc-361">
         <name>.debug_info</name>
         <load_address>0x7e89</load_address>
         <run_address>0x7e89</run_address>
         <size>0x1a5</size>
         <input_file_ref idref="fl-47"/>
      </object_component>
      <object_component id="oc-3ec">
         <name>.debug_info</name>
         <load_address>0x802e</load_address>
         <run_address>0x802e</run_address>
         <size>0x19e</size>
         <input_file_ref idref="fl-47"/>
      </object_component>
      <object_component id="oc-38b">
         <name>.debug_info</name>
         <load_address>0x81cc</load_address>
         <run_address>0x81cc</run_address>
         <size>0x120</size>
         <input_file_ref idref="fl-47"/>
      </object_component>
      <object_component id="oc-390">
         <name>.debug_info</name>
         <load_address>0x82ec</load_address>
         <run_address>0x82ec</run_address>
         <size>0x2c</size>
         <input_file_ref idref="fl-47"/>
      </object_component>
      <object_component id="oc-353">
         <name>.debug_info</name>
         <load_address>0x8318</load_address>
         <run_address>0x8318</run_address>
         <size>0x133</size>
         <input_file_ref idref="fl-48"/>
      </object_component>
      <object_component id="oc-35c">
         <name>.debug_info</name>
         <load_address>0x844b</load_address>
         <run_address>0x844b</run_address>
         <size>0x17e</size>
         <input_file_ref idref="fl-4a"/>
      </object_component>
      <object_component id="oc-322">
         <name>.debug_info</name>
         <load_address>0x85c9</load_address>
         <run_address>0x85c9</run_address>
         <size>0x1c6</size>
         <input_file_ref idref="fl-4a"/>
      </object_component>
      <object_component id="oc-33b">
         <name>.debug_info</name>
         <load_address>0x878f</load_address>
         <run_address>0x878f</run_address>
         <size>0x188</size>
         <input_file_ref idref="fl-4b"/>
      </object_component>
      <object_component id="oc-2fb">
         <name>.debug_info</name>
         <load_address>0x8917</load_address>
         <run_address>0x8917</run_address>
         <size>0x286</size>
         <input_file_ref idref="fl-4b"/>
      </object_component>
      <object_component id="oc-34a">
         <name>.debug_info</name>
         <load_address>0x8b9d</load_address>
         <run_address>0x8b9d</run_address>
         <size>0x17d</size>
         <input_file_ref idref="fl-4c"/>
      </object_component>
      <object_component id="oc-312">
         <name>.debug_info</name>
         <load_address>0x8d1a</load_address>
         <run_address>0x8d1a</run_address>
         <size>0x2ab</size>
         <input_file_ref idref="fl-4c"/>
      </object_component>
      <object_component id="oc-1ee">
         <name>.debug_info</name>
         <load_address>0x8fc5</load_address>
         <run_address>0x8fc5</run_address>
         <size>0x160</size>
         <input_file_ref idref="fl-4e"/>
      </object_component>
      <object_component id="oc-459">
         <name>.debug_info</name>
         <load_address>0x9125</load_address>
         <run_address>0x9125</run_address>
         <size>0x182</size>
         <input_file_ref idref="fl-4f"/>
      </object_component>
      <object_component id="oc-443">
         <name>.debug_info</name>
         <load_address>0x92a7</load_address>
         <run_address>0x92a7</run_address>
         <size>0x29b</size>
         <input_file_ref idref="fl-4f"/>
      </object_component>
      <object_component id="oc-468">
         <name>.debug_info</name>
         <load_address>0x9542</load_address>
         <run_address>0x9542</run_address>
         <size>0x172</size>
         <input_file_ref idref="fl-50"/>
      </object_component>
      <object_component id="oc-460">
         <name>.debug_info</name>
         <load_address>0x96b4</load_address>
         <run_address>0x96b4</run_address>
         <size>0x2a9</size>
         <input_file_ref idref="fl-50"/>
      </object_component>
      <object_component id="oc-310">
         <name>.debug_info</name>
         <load_address>0x995d</load_address>
         <run_address>0x995d</run_address>
         <size>0x172</size>
         <input_file_ref idref="fl-51"/>
      </object_component>
      <object_component id="oc-2d2">
         <name>.debug_info</name>
         <load_address>0x9acf</load_address>
         <run_address>0x9acf</run_address>
         <size>0x266</size>
         <input_file_ref idref="fl-51"/>
      </object_component>
      <object_component id="oc-45b">
         <name>.debug_info</name>
         <load_address>0x9d35</load_address>
         <run_address>0x9d35</run_address>
         <size>0x17e</size>
         <input_file_ref idref="fl-52"/>
      </object_component>
      <object_component id="oc-447">
         <name>.debug_info</name>
         <load_address>0x9eb3</load_address>
         <run_address>0x9eb3</run_address>
         <size>0x29b</size>
         <input_file_ref idref="fl-52"/>
      </object_component>
      <object_component id="oc-40f">
         <name>.debug_info</name>
         <load_address>0xa14e</load_address>
         <run_address>0xa14e</run_address>
         <size>0x2dc</size>
         <input_file_ref idref="fl-53"/>
      </object_component>
      <object_component id="oc-400">
         <name>.debug_info</name>
         <load_address>0xa42a</load_address>
         <run_address>0xa42a</run_address>
         <size>0x113</size>
         <input_file_ref idref="fl-53"/>
      </object_component>
      <object_component id="oc-3cb">
         <name>.debug_info</name>
         <load_address>0xa53d</load_address>
         <run_address>0xa53d</run_address>
         <size>0x207</size>
         <input_file_ref idref="fl-53"/>
      </object_component>
      <object_component id="oc-3d7">
         <name>.debug_info</name>
         <load_address>0xa744</load_address>
         <run_address>0xa744</run_address>
         <size>0x1cb</size>
         <input_file_ref idref="fl-53"/>
      </object_component>
      <object_component id="oc-3de">
         <name>.debug_info</name>
         <load_address>0xa90f</load_address>
         <run_address>0xa90f</run_address>
         <size>0x23d</size>
         <input_file_ref idref="fl-53"/>
      </object_component>
      <object_component id="oc-3c6">
         <name>.debug_info</name>
         <load_address>0xab4c</load_address>
         <run_address>0xab4c</run_address>
         <size>0x205</size>
         <input_file_ref idref="fl-53"/>
      </object_component>
      <object_component id="oc-3ba">
         <name>.debug_info</name>
         <load_address>0xad51</load_address>
         <run_address>0xad51</run_address>
         <size>0x216</size>
         <input_file_ref idref="fl-53"/>
      </object_component>
      <object_component id="oc-3d2">
         <name>.debug_info</name>
         <load_address>0xaf67</load_address>
         <run_address>0xaf67</run_address>
         <size>0x248</size>
         <input_file_ref idref="fl-53"/>
      </object_component>
      <object_component id="oc-3bf">
         <name>.debug_info</name>
         <load_address>0xb1af</load_address>
         <run_address>0xb1af</run_address>
         <size>0x1c3</size>
         <input_file_ref idref="fl-53"/>
      </object_component>
      <object_component id="oc-437">
         <name>.debug_info</name>
         <load_address>0xb372</load_address>
         <run_address>0xb372</run_address>
         <size>0x1a3</size>
         <input_file_ref idref="fl-54"/>
      </object_component>
      <object_component id="oc-434">
         <name>.debug_info</name>
         <load_address>0xb515</load_address>
         <run_address>0xb515</run_address>
         <size>0x116</size>
         <input_file_ref idref="fl-54"/>
      </object_component>
      <object_component id="oc-405">
         <name>.debug_info</name>
         <load_address>0xb62b</load_address>
         <run_address>0xb62b</run_address>
         <size>0x1ef</size>
         <input_file_ref idref="fl-54"/>
      </object_component>
      <object_component id="oc-40b">
         <name>.debug_info</name>
         <load_address>0xb81a</load_address>
         <run_address>0xb81a</run_address>
         <size>0x1aa</size>
         <input_file_ref idref="fl-54"/>
      </object_component>
      <object_component id="oc-339">
         <name>.debug_info</name>
         <load_address>0xb9c4</load_address>
         <run_address>0xb9c4</run_address>
         <size>0x1dd</size>
         <input_file_ref idref="fl-55"/>
      </object_component>
      <object_component id="oc-2f6">
         <name>.debug_info</name>
         <load_address>0xbba1</load_address>
         <run_address>0xbba1</run_address>
         <size>0x1a6</size>
         <input_file_ref idref="fl-55"/>
      </object_component>
      <object_component id="oc-379">
         <name>.debug_info</name>
         <load_address>0xbd47</load_address>
         <run_address>0xbd47</run_address>
         <size>0xbb</size>
         <input_file_ref idref="fl-55"/>
      </object_component>
      <object_component id="oc-414">
         <name>.debug_info</name>
         <load_address>0xbe02</load_address>
         <run_address>0xbe02</run_address>
         <size>0x139</size>
         <input_file_ref idref="fl-57"/>
      </object_component>
      <object_component id="oc-33d">
         <name>.debug_info</name>
         <load_address>0xbf3b</load_address>
         <run_address>0xbf3b</run_address>
         <size>0x22f</size>
         <input_file_ref idref="fl-58"/>
      </object_component>
      <object_component id="oc-302">
         <name>.debug_info</name>
         <load_address>0xc16a</load_address>
         <run_address>0xc16a</run_address>
         <size>0x194</size>
         <input_file_ref idref="fl-58"/>
      </object_component>
      <object_component id="oc-364">
         <name>.debug_info</name>
         <load_address>0xc2fe</load_address>
         <run_address>0xc2fe</run_address>
         <size>0x20c</size>
         <input_file_ref idref="fl-59"/>
      </object_component>
      <object_component id="oc-32d">
[...]
         <value>0xfff4</value>
         <object_component_ref idref="oc-48"/>
      </symbol>
      <symbol id="sm-24c">
         <name>__TI_int11</name>
         <value>0xfff6</value>
         <object_component_ref idref="oc-49"/>
      </symbol>
      <symbol id="sm-24f">
         <name>__TI_int12</name>
         <value>0xfff8</value>
         <object_component_ref idref="oc-4a"/>
      </symbol>
      <symbol id="sm-252">
         <name>__TI_int13</name>
         <value>0xfffa</value>
         <object_component_ref idref="oc-4b"/>
      </symbol>
      <symbol id="sm-255">
         <name>__TI_int14</name>
         <value>0xfffc</value>
         <object_component_ref idref="oc-4c"/>
      </symbol>
      <symbol id="sm-25d">
         <name>__TI_ISR_TRAP</name>
         <value>0x54b8</value>
         <object_component_ref idref="oc-155"/>
      </symbol>
      <symbol id="sm-26b">
         <name>memcpy</name>
         <value>0x5478</value>
         <object_component_ref idref="oc-13b"/>
      </symbol>
      <symbol id="sm-275">
         <name>__mspabi_mpyi_hw</name>
         <value>0x5452</value>
         <object_component_ref idref="oc-237"/>
      </symbol>
      <symbol id="sm-281">
         <name>_system_pre_init</name>
         <value>0x54d6</value>
         <object_component_ref idref="oc-16d"/>
      </symbol>
      <symbol id="sm-2a4">
         <name>printf</name>
         <value>0x5104</value>
         <object_component_ref idref="oc-267"/>
      </symbol>
      <symbol id="sm-2ba">
         <name>_nop</name>
         <value>0x54da</value>
         <object_component_ref idref="oc-254"/>
      </symbol>
      <symbol id="sm-2bb">
         <name>_lock</name>
         <value>0x14f8</value>
         <object_component_ref idref="oc-1ff"/>
      </symbol>
      <symbol id="sm-2bc">
         <name>_unlock</name>
         <value>0x14fa</value>
         <object_component_ref idref="oc-208"/>
      </symbol>
      <symbol id="sm-308">
         <name>__TI_printfi_minimal</name>
         <value>0x4200</value>
         <object_component_ref idref="oc-2ab"/>
      </symbol>
      <symbol id="sm-32a">
         <name>_auto_init_hold_wdt</name>
         <value>0x477a</value>
         <object_component_ref idref="oc-173"/>
      </symbol>
      <symbol id="sm-340">
         <name>copy_in</name>
         <value>0x4d1e</value>
         <object_component_ref idref="oc-1e7"/>
      </symbol>
      <symbol id="sm-350">
         <name>__TI_tmpnams</name>
         <value>0x1100</value>
      </symbol>
      <symbol id="sm-351">
         <name>_ftable</name>
         <value>0x13fa</value>
         <object_component_ref idref="oc-29c"/>
      </symbol>
      <symbol id="sm-352">
         <name>__TI_ft_end</name>
         <value>0x14fc</value>
         <object_component_ref idref="oc-3b2"/>
      </symbol>
      <symbol id="sm-35c">
         <name>__mspabi_remu</name>
         <value>0x5414</value>
         <object_component_ref idref="oc-34b"/>
      </symbol>
      <symbol id="sm-35d">
         <name>__mspabi_divu</name>
         <value>0x5414</value>
         <object_component_ref idref="oc-34b"/>
      </symbol>
      <symbol id="sm-370">
         <name>putc</name>
         <value>0x4660</value>
         <object_component_ref idref="oc-2ca"/>
      </symbol>
      <symbol id="sm-371">
         <name>fputc</name>
         <value>0x4660</value>
         <object_component_ref idref="oc-2ca"/>
      </symbol>
      <symbol id="sm-389">
         <name>fputs</name>
         <value>0x4116</value>
         <object_component_ref idref="oc-2c3"/>
      </symbol>
      <symbol id="sm-3de">
         <name>lseek</name>
         <value>0x534c</value>
         <object_component_ref idref="oc-35d"/>
      </symbol>
      <symbol id="sm-3df">
         <name>write</name>
         <value>0x5372</value>
         <object_component_ref idref="oc-305"/>
      </symbol>
      <symbol id="sm-3e0">
         <name>close</name>
         <value>0x4ebe</value>
         <object_component_ref idref="oc-3e9"/>
      </symbol>
      <symbol id="sm-3e1">
         <name>unlink</name>
         <value>0x5324</value>
         <object_component_ref idref="oc-3f5"/>
      </symbol>
      <symbol id="sm-3e9">
         <name>__mspabi_srli_8</name>
         <value>0x4e9c</value>
         <object_component_ref idref="oc-350"/>
      </symbol>
      <symbol id="sm-3ea">
         <name>__mspabi_srli_9</name>
         <value>0x4e98</value>
         <object_component_ref idref="oc-350"/>
      </symbol>
      <symbol id="sm-3eb">
         <name>__mspabi_srli_6</name>
         <value>0x4ea4</value>
         <object_component_ref idref="oc-350"/>
      </symbol>
      <symbol id="sm-3ec">
         <name>__mspabi_srli_7</name>
         <value>0x4ea0</value>
         <object_component_ref idref="oc-350"/>
      </symbol>
      <symbol id="sm-3ed">
         <name>__mspabi_srli_4</name>
         <value>0x4eac</value>
         <object_component_ref idref="oc-350"/>
      </symbol>
      <symbol id="sm-3ee">
         <name>__mspabi_srli_5</name>
         <value>0x4ea8</value>
         <object_component_ref idref="oc-350"/>
      </symbol>
      <symbol id="sm-3ef">
         <name>__mspabi_srli_2</name>
         <value>0x4eb4</value>
         <object_component_ref idref="oc-350"/>
      </symbol>
      <symbol id="sm-3f0">
         <name>__mspabi_srli_3</name>
         <value>0x4eb0</value>
         <object_component_ref idref="oc-350"/>
      </symbol>
      <symbol id="sm-3f1">
         <name>__mspabi_srli_1</name>
         <value>0x4eb8</value>
         <object_component_ref idref="oc-350"/>
      </symbol>
      <symbol id="sm-3f2">
         <name>__mspabi_srli</name>
         <value>0x4e72</value>
         <object_component_ref idref="oc-350"/>
      </symbol>
      <symbol id="sm-3f3">
         <name>__mspabi_srli_15</name>
         <value>0x4e80</value>
         <object_component_ref idref="oc-350"/>
      </symbol>
      <symbol id="sm-3f4">
         <name>__mspabi_srli_14</name>
         <value>0x4e84</value>
         <object_component_ref idref="oc-350"/>
      </symbol>
      <symbol id="sm-3f5">
         <name>__mspabi_srli_13</name>
         <value>0x4e88</value>
         <object_component_ref idref="oc-350"/>
      </symbol>
      <symbol id="sm-3f6">
         <name>__mspabi_srli_12</name>
         <value>0x4e8c</value>
         <object_component_ref idref="oc-350"/>
      </symbol>
      <symbol id="sm-3f7">
         <name>__mspabi_srli_11</name>
         <value>0x4e90</value>
         <object_component_ref idref="oc-350"/>
      </symbol>
      <symbol id="sm-3f8">
         <name>__mspabi_srli_10</name>
         <value>0x4e94</value>
         <object_component_ref idref="oc-350"/>
      </symbol>
      <symbol id="sm-408">
         <name>memccpy</name>
         <value>0x53b2</value>
         <object_component_ref idref="oc-31e"/>
      </symbol>
      <symbol id="sm-417">
         <name>memchr</name>
         <value>0x542a</value>
         <object_component_ref idref="oc-2f9"/>
      </symbol>
      <symbol id="sm-425">
         <name>memset</name>
         <value>0x543e</value>
         <object_component_ref idref="oc-311"/>
      </symbol>
      <symbol id="sm-42f">
         <name>_system_post_cinit</name>
         <value>0x54dc</value>
         <object_component_ref idref="oc-1ed"/>
      </symbol>
      <symbol id="sm-43e">
         <name>strchr</name>
         <value>0x53cc</value>
         <object_component_ref idref="oc-43f"/>
      </symbol>
      <symbol id="sm-44c">
         <name>strcmp</name>
         <value>0x53e6</value>
         <object_component_ref idref="oc-45c"/>
      </symbol>
      <symbol id="sm-459">
         <name>strlen</name>
         <value>0x54aa</value>
         <object_component_ref idref="oc-2d1"/>
      </symbol>
      <symbol id="sm-469">
         <name>strncpy</name>
         <value>0x52f8</value>
         <object_component_ref idref="oc-445"/>
      </symbol>
      <symbol id="sm-4a8">
         <name>HOSTrename</name>
         <value>0x4ac6</value>
         <object_component_ref idref="oc-3dc"/>
      </symbol>
      <symbol id="sm-4a9">
         <name>HOSTclose</name>
         <value>0x4f08</value>
         <object_component_ref idref="oc-3be"/>
      </symbol>
      <symbol id="sm-4aa">
         <name>HOSTunlink</name>
         <value>0x4f90</value>
         <object_component_ref idref="oc-3d6"/>
      </symbol>
      <symbol id="sm-4ab">
         <name>HOSTlseek</name>
         <value>0x452c</value>
         <object_component_ref idref="oc-3d0"/>
      </symbol>
      <symbol id="sm-4ac">
         <name>HOSTopen</name>
         <value>0x4b30</value>
         <object_component_ref idref="oc-3b8"/>
      </symbol>
      <symbol id="sm-4ad">
         <name>HOSTwrite</name>
         <value>0x4bfa</value>
         <object_component_ref idref="oc-3ca"/>
      </symbol>
      <symbol id="sm-4ae">
         <name>HOSTread</name>
         <value>0x4cbe</value>
         <object_component_ref idref="oc-3c4"/>
      </symbol>
      <symbol id="sm-4cc">
         <name>__TI_readmsg</name>
         <value>0x52a0</value>
         <object_component_ref idref="oc-408"/>
      </symbol>
      <symbol id="sm-4cd">
         <name>C$$IO$$</name>
         <value>0x526e</value>
         <object_component_ref idref="oc-402"/>
      </symbol>
      <symbol id="sm-4ce">
         <name>_CIOBUF_</name>
         <value>0x12da</value>
         <object_component_ref idref="oc-433"/>
      </symbol>
      <symbol id="sm-4cf">
         <name>__TI_writemsg</name>
         <value>0x5244</value>
         <object_component_ref idref="oc-402"/>
      </symbol>
      <symbol id="sm-4e7">
         <name>__TI_wrt_ok</name>
         <value>0x487e</value>
         <object_component_ref idref="oc-2f3"/>
      </symbol>
      <symbol id="sm-4f0">
         <name>__mspabi_sral_15</name>
         <value>0x504c</value>
         <object_component_ref idref="oc-413"/>
      </symbol>
      <symbol id="sm-4f1">
         <name>__mspabi_sral_14</name>
         <value>0x5050</value>
         <object_component_ref idref="oc-413"/>
      </symbol>
      <symbol id="sm-4f2">
         <name>__mspabi_sral_13</name>
         <value>0x5054</value>
         <object_component_ref idref="oc-413"/>
      </symbol>
      <symbol id="sm-4f3">
         <name>__mspabi_sral_12</name>
         <value>0x5058</value>
         <object_component_ref idref="oc-413"/>
      </symbol>
      <symbol id="sm-4f4">
         <name>__mspabi_sral_11</name>
         <value>0x505c</value>
         <object_component_ref idref="oc-413"/>
      </symbol>
      <symbol id="sm-4f5">
         <name>__mspabi_sral_10</name>
         <value>0x5060</value>
         <object_component_ref idref="oc-413"/>
      </symbol>
      <symbol id="sm-4f6">
         <name>__mspabi_sral_8</name>
         <value>0x5068</value>
         <object_component_ref idref="oc-413"/>
      </symbol>
      <symbol id="sm-4f7">
         <name>__mspabi_sral_9</name>
         <value>0x5064</value>
         <object_component_ref idref="oc-413"/>
      </symbol>
      <symbol id="sm-4f8">
         <name>__mspabi_sral_6</name>
         <value>0x5070</value>
         <object_component_ref idref="oc-413"/>
      </symbol>
      <symbol id="sm-4f9">
         <name>__mspabi_sral_7</name>
         <value>0x506c</value>
         <object_component_ref idref="oc-413"/>
      </symbol>
      <symbol id="sm-4fa">
         <name>__mspabi_sral_4</name>
         <value>0x5078</value>
         <object_component_ref idref="oc-413"/>
      </symbol>
      <symbol id="sm-4fb">
         <name>__mspabi_sral_5</name>
         <value>0x5074</value>
         <object_component_ref idref="oc-413"/>
      </symbol>
      <symbol id="sm-4fc">
         <name>__mspabi_sral_2</name>
         <value>0x5080</value>
         <object_component_ref idref="oc-413"/>
      </symbol>
      <symbol id="sm-4fd">
         <name>__mspabi_sral_3</name>
         <value>0x507c</value>
         <object_component_ref idref="oc-413"/>
      </symbol>
      <symbol id="sm-4fe">
         <name>__mspabi_sral_1</name>
         <value>0x5084</value>
         <object_component_ref idref="oc-413"/>
      </symbol>
      <symbol id="sm-50f">
         <name>__TI_doflush</name>
         <value>0x4c5c</value>
         <object_component_ref idref="oc-2ff"/>
      </symbol>
      <symbol id="sm-51f">
         <name>fseek</name>
         <value>0x4a56</value>
         <object_component_ref idref="oc-32c"/>
      </symbol>
      <symbol id="sm-527">
         <name>__mspabi_slll_9</name>
         <value>0x50a2</value>
         <object_component_ref idref="oc-418"/>
      </symbol>
      <symbol id="sm-528">
         <name>__mspabi_slll_8</name>
         <value>0x50a6</value>
         <object_component_ref idref="oc-418"/>
      </symbol>
      <symbol id="sm-529">
         <name>__mspabi_slll_7</name>
         <value>0x50aa</value>
         <object_component_ref idref="oc-418"/>
      </symbol>
      <symbol id="sm-52a">
         <name>__mspabi_slll_6</name>
         <value>0x50ae</value>
         <object_component_ref idref="oc-418"/>
      </symbol>
      <symbol id="sm-52b">
         <name>__mspabi_slll_5</name>
         <value>0x50b2</value>
         <object_component_ref idref="oc-418"/>
      </symbol>
      <symbol id="sm-52c">
         <name>__mspabi_slll_4</name>
         <value>0x50b6</value>
         <object_component_ref idref="oc-418"/>
      </symbol>
      <symbol id="sm-52d">
         <name>__mspabi_slll_3</name>
         <value>0x50ba</value>
         <object_component_ref idref="oc-418"/>
      </symbol>
      <symbol id="sm-52e">
         <name>__mspabi_slll_2</name>
         <value>0x50be</value>
         <object_component_ref idref="oc-418"/>
      </symbol>
      <symbol id="sm-52f">
         <name>__mspabi_slll_1</name>
         <value>0x50c2</value>
         <object_component_ref idref="oc-418"/>
      </symbol>
      <symbol id="sm-530">
         <name>__mspabi_slll_15</name>
         <value>0x508a</value>
         <object_component_ref idref="oc-418"/>
      </symbol>
      <symbol id="sm-531">
         <name>__mspabi_slll_14</name>
         <value>0x508e</value>
         <object_component_ref idref="oc-418"/>
      </symbol>
      <symbol id="sm-532">
         <name>__mspabi_slll_13</name>
         <value>0x5092</value>
         <object_component_ref idref="oc-418"/>
      </symbol>
      <symbol id="sm-533">
         <name>__mspabi_slll_12</name>
         <value>0x5096</value>
         <object_component_ref idref="oc-418"/>
      </symbol>
      <symbol id="sm-534">
         <name>__mspabi_slll_11</name>
         <value>0x509a</value>
         <object_component_ref idref="oc-418"/>
      </symbol>
      <symbol id="sm-535">
         <name>__mspabi_slll_10</name>
         <value>0x509e</value>
         <object_component_ref idref="oc-418"/>
      </symbol>
      <symbol id="sm-54d">
         <name>setvbuf</name>
         <value>0x42e6</value>
         <object_component_ref idref="oc-332"/>
      </symbol>
      <symbol id="sm-55a">
         <name>strcpy</name>
         <value>0x549a</value>
         <object_component_ref idref="oc-41f"/>
      </symbol>
      <symbol id="sm-566">
         <name>__TI_cleanup</name>
         <value>0x51ae</value>
         <object_component_ref idref="oc-371"/>
      </symbol>
      <symbol id="sm-5b7">
         <name>_sys_memory</name>
         <value>0x1504</value>
         <object_component_ref idref="oc-138"/>
      </symbol>
      <symbol id="sm-5b8">
         <name>free</name>
         <value>0x47fe</value>
         <object_component_ref idref="oc-365"/>
      </symbol>
      <symbol id="sm-5b9">
         <name>malloc</name>
         <value>0x447e</value>
         <object_component_ref idref="oc-36b"/>
      </symbol>
      <symbol id="sm-5ba">
         <name>minit</name>
         <value>0x5140</value>
         <object_component_ref idref="oc-3a5"/>
      </symbol>
      <symbol id="sm-5ca">
         <name>__TI_closefile</name>
         <value>0x49e4</value>
         <object_component_ref idref="oc-3ac"/>
      </symbol>
      <symbol id="sm-5d2">
         <name>__mspabi_slli</name>
         <value>0x52cc</value>
         <object_component_ref idref="oc-3ef"/>
      </symbol>
      <symbol id="sm-5d3">
         <name>__mspabi_slli_9</name>
         <value>0x52e4</value>
         <object_component_ref idref="oc-3ef"/>
      </symbol>
      <symbol id="sm-5d4">
         <name>__mspabi_slli_8</name>
         <value>0x52e6</value>
         <object_component_ref idref="oc-3ef"/>
      </symbol>
      <symbol id="sm-5d5">
         <name>__mspabi_slli_7</name>
         <value>0x52e8</value>
         <object_component_ref idref="oc-3ef"/>
      </symbol>
      <symbol id="sm-5d6">
         <name>__mspabi_slli_6</name>
         <value>0x52ea</value>
         <object_component_ref idref="oc-3ef"/>
      </symbol>
      <symbol id="sm-5d7">
         <name>__mspabi_slli_5</name>
         <value>0x52ec</value>
         <object_component_ref idref="oc-3ef"/>
      </symbol>
      <symbol id="sm-5d8">
         <name>__mspabi_slli_4</name>
         <value>0x52ee</value>
         <object_component_ref idref="oc-3ef"/>
      </symbol>
      <symbol id="sm-5d9">
         <name>__mspabi_slli_3</name>
         <value>0x52f0</value>
         <object_component_ref idref="oc-3ef"/>
      </symbol>
      <symbol id="sm-5da">
         <name>__mspabi_slli_2</name>
         <value>0x52f2</value>
         <object_component_ref idref="oc-3ef"/>
      </symbol>
      <symbol id="sm-5db">
         <name>__mspabi_slli_1</name>
         <value>0x52f4</value>
         <object_component_ref idref="oc-3ef"/>
      </symbol>
      <symbol id="sm-5dc">
         <name>__mspabi_slli_15</name>
         <value>0x52d8</value>
         <object_component_ref idref="oc-3ef"/>
      </symbol>
      <symbol id="sm-5dd">
         <name>__mspabi_slli_14</name>
         <value>0x52da</value>
         <object_component_ref idref="oc-3ef"/>
      </symbol>
      <symbol id="sm-5de">
         <name>__mspabi_slli_13</name>
         <value>0x52dc</value>
         <object_component_ref idref="oc-3ef"/>
      </symbol>
      <symbol id="sm-5df">
         <name>__mspabi_slli_12</name>
         <value>0x52de</value>
         <object_component_ref idref="oc-3ef"/>
      </symbol>
      <symbol id="sm-5e0">
         <name>__mspabi_slli_11</name>
         <value>0x52e0</value>
         <object_component_ref idref="oc-3ef"/>
      </symbol>
      <symbol id="sm-5e1">
         <name>__mspabi_slli_10</name>
         <value>0x52e2</value>
         <object_component_ref idref="oc-3ef"/>
      </symbol>
      <symbol id="sm-5e4">
         <name>__TI_BINIT_Base</name>
         <value>0x0</value>
      </symbol>
      <symbol id="sm-5e5">
         <name>__TI_BINIT_Limit</name>
         <value>0x0</value>
      </symbol>
      <symbol id="sm-5e6">
         <name>__TI_INITARRAY_Base</name>
         <value>0x0</value>
      </symbol>
      <symbol id="sm-5e7">
         <name>__TI_INITARRAY_Limit</name>
         <value>0x0</value>
      </symbol>
      <symbol id="sm-5e8">
         <name>remove</name>
         <value>0x5324</value>
      </symbol>
   </symbol_table>
   <title>Link successful</title>
</link_info>
